2026-08-18 14:02:37.467: [INFO] CurrentProfilePath: C:\Users\trann\Downloads\25TH2510-javaProgram\.metadata\.plugins\org.eclipse.swt\EBWebView\Default
2026-08-18 14:02:37.467: [INFO] Profiles total count: 1
2026-08-18 14:02:37.467: [INFO] Profile: name=Profile 1 path=C:\Users\trann\Downloads\25TH2510-javaProgram\.metadata\.plugins\org.eclipse.swt\EBWebView\Default lastActive=null
2026-08-18 14:02:37.467: [INFO] LastUsedProfileDir: C:\Users\trann\Downloads\25TH2510-javaProgram\.metadata\.plugins\org.eclipse.swt\EBWebView\Default
2026-08-18 14:02:37.467: [INFO] OnDoneLoading sync enabled: 0
2026-08-18 14:02:37.467: [INFO] BookmarkModelLoaded, ids_reassigned: 0
2026-08-18 14:02:37.467: [INFO] BookmarksLoadDropped droppedNodes=0
2026-08-18 14:02:37.467: [INFO] BookmarksSnapshot Startup total=0 bar=0 other=0 mobile=0 showBar=0 showBarNTP=1
2026-08-18 14:02:46.507: [INFO] BookmarksSnapshot Shutdown total=0 bar=0 other=0 mobile=0 showBar=0 showBarNTP=1
2026-08-18 14:02:47.114: [INFO] CurrentProfilePath: C:\Users\trann\Downloads\25TH2510-javaProgram\.metadata\.plugins\org.eclipse.swt\EBWebView\Default
2026-08-18 14:02:47.114: [INFO] Profiles total count: 1
2026-08-18 14:02:47.116: [INFO] Profile: name=Profile 1 path=C:\Users\trann\Downloads\25TH2510-javaProgram\.metadata\.plugins\org.eclipse.swt\EBWebView\Default lastActive=2026-08-18T14:02:41.314Z
2026-08-18 14:02:47.116: [INFO] LastUsedProfileDir: C:\Users\trann\Downloads\25TH2510-javaProgram\.metadata\.plugins\org.eclipse.swt\EBWebView\Default
2026-08-18 14:02:47.116: [INFO] MostRecentlyActiveProfile: name=Profile 1 path=C:\Users\trann\Downloads\25TH2510-javaProgram\.metadata\.plugins\org.eclipse.swt\EBWebView\Default lastActive=2026-08-18T14:02:41.314Z
2026-08-18 14:02:47.116: [INFO] OnDoneLoading sync enabled: 0
2026-08-18 14:02:47.116: [INFO] BookmarkModelLoaded, ids_reassigned: 0
2026-08-18 14:02:47.116: [INFO] BookmarksLoadDropped droppedNodes=0
2026-08-18 14:02:47.116: [INFO] BookmarksSnapshot Startup total=0 bar=0 other=0 mobile=0 showBar=0 showBarNTP=1
2026-08-18 14:03:47.312: [INFO] BookmarksSnapshot Shutdown total=0 bar=0 other=0 mobile=0 showBar=0 showBarNTP=1
2026-08-18 14:04:36.272: [INFO] CurrentProfilePath: C:\Users\trann\Downloads\25TH2510-javaProgram\.metadata\.plugins\org.eclipse.swt\EBWebView\Default
2026-08-18 14:04:36.272: [INFO] Profiles total count: 1
2026-08-18 14:04:36.273: [INFO] Profile: name=Profile 1 path=C:\Users\trann\Downloads\25TH2510-javaProgram\.metadata\.plugins\org.eclipse.swt\EBWebView\Default lastActive=2026-08-18T14:02:41.314Z
2026-08-18 14:04:36.273: [INFO] LastUsedProfileDir: C:\Users\trann\Downloads\25TH2510-javaProgram\.metadata\.plugins\org.eclipse.swt\EBWebView\Default
2026-08-18 14:04:36.273: [INFO] MostRecentlyActiveProfile: name=Profile 1 path=C:\Users\trann\Downloads\25TH2510-javaProgram\.metadata\.plugins\org.eclipse.swt\EBWebView\Default lastActive=2026-08-18T14:02:41.314Z
2026-08-18 14:04:36.273: [INFO] OnDoneLoading sync enabled: 0
2026-08-18 14:04:36.273: [INFO] BookmarkModelLoaded, ids_reassigned: 0
2026-08-18 14:04:36.273: [INFO] BookmarksLoadDropped droppedNodes=0
2026-08-18 14:04:36.273: [INFO] BookmarksSnapshot Startup total=0 bar=0 other=0 mobile=0 showBar=0 showBarNTP=1
2026-08-18 14:11:46.003: [INFO] BookmarksSnapshot Shutdown total=0 bar=0 other=0 mobile=0 showBar=0 showBarNTP=1
2026-08-18 14:21:47.693: [INFO] CurrentProfilePath: C:\Users\trann\Downloads\25TH2510-javaProgram\.metadata\.plugins\org.eclipse.swt\EBWebView\Default
2026-08-18 14:21:47.693: [INFO] Profiles total count: 1
2026-08-18 14:21:47.694: [INFO] Profile: name=Profile 1 path=C:\Users\trann\Downloads\25TH2510-javaProgram\.metadata\.plugins\org.eclipse.swt\EBWebView\Default lastActive=2026-08-18T14:05:08.965Z
2026-08-18 14:21:47.695: [INFO] LastUsedProfileDir: C:\Users\trann\Downloads\25TH2510-javaProgram\.metadata\.plugins\org.eclipse.swt\EBWebView\Default
2026-08-18 14:21:47.695: [INFO] MostRecentlyActiveProfile: name=Profile 1 path=C:\Users\trann\Downloads\25TH2510-javaProgram\.metadata\.plugins\org.eclipse.swt\EBWebView\Default lastActive=2026-08-18T14:05:08.965Z
2026-08-18 14:21:47.695: [INFO] OnDoneLoading sync enabled: 0
2026-08-18 14:21:47.695: [INFO] BookmarkModelLoaded, ids_reassigned: 0
2026-08-18 14:21:47.695: [INFO] BookmarksLoadDropped droppedNodes=0
2026-08-18 14:21:47.695: [INFO] BookmarksSnapshot Startup total=0 bar=0 other=0 mobile=0 showBar=0 showBarNTP=1
2026-08-18 17:05:31.294: [INFO] BookmarksSnapshot Shutdown total=0 bar=0 other=0 mobile=0 showBar=0 showBarNTP=1
2026-08-18 17:06:32.514: [INFO] CurrentProfilePath: C:\Users\trann\Downloads\25TH2510-javaProgram\.metadata\.plugins\org.eclipse.swt\EBWebView\Default
2026-08-18 17:06:32.514: [INFO] Profiles total count: 1
2026-08-18 17:06:32.516: [INFO] Profile: name=Profile 1 path=C:\Users\trann\Downloads\25TH2510-javaProgram\.metadata\.plugins\org.eclipse.swt\EBWebView\Default lastActive=2026-08-18T14:24:35.368Z
2026-08-18 17:06:32.516: [INFO] LastUsedProfileDir: C:\Users\trann\Downloads\25TH2510-javaProgram\.metadata\.plugins\org.eclipse.swt\EBWebView\Default
2026-08-18 17:06:32.516: [INFO] MostRecentlyActiveProfile: name=Profile 1 path=C:\Users\trann\Downloads\25TH2510-javaProgram\.metadata\.plugins\org.eclipse.swt\EBWebView\Default lastActive=2026-08-18T14:24:35.368Z
2026-08-18 17:06:32.516: [INFO] OnDoneLoading sync enabled: 0
2026-08-18 17:06:32.516: [INFO] BookmarkModelLoaded, ids_reassigned: 0
2026-08-18 17:06:32.516: [INFO] BookmarksLoadDropped droppedNodes=0
2026-08-18 17:06:32.516: [INFO] BookmarksSnapshot Startup total=0 bar=0 other=0 mobile=0 showBar=0 showBarNTP=1
2026-08-18 17:08:00.146: [INFO] BookmarksSnapshot Shutdown total=0 bar=0 other=0 mobile=0 showBar=0 showBarNTP=1
2026-08-19 14:24:55.483: [INFO] CurrentProfilePath: C:\Users\trann\Downloads\25TH2510-javaProgram\.metadata\.plugins\org.eclipse.swt\EBWebView\Default
2026-08-19 14:24:55.483: [INFO] Profiles total count: 1
2026-08-19 14:24:55.485: [INFO] Profile: name=Profile 1 path=C:\Users\trann\Downloads\25TH2510-javaProgram\.metadata\.plugins\org.eclipse.swt\EBWebView\Default lastActive=2026-08-18T17:06:34.308Z
2026-08-19 14:24:55.485: [INFO] LastUsedProfileDir: C:\Users\trann\Downloads\25TH2510-javaProgram\.metadata\.plugins\org.eclipse.swt\EBWebView\Default
2026-08-19 14:24:55.485: [INFO] MostRecentlyActiveProfile: name=Profile 1 path=C:\Users\trann\Downloads\25TH2510-javaProgram\.metadata\.plugins\org.eclipse.swt\EBWebView\Default lastActive=2026-08-18T17:06:34.308Z
2026-08-19 14:24:55.485: [INFO] OnDoneLoading sync enabled: 0
2026-08-19 14:24:55.485: [INFO] BookmarkModelLoaded, ids_reassigned: 0
2026-08-19 14:24:55.485: [INFO] BookmarksLoadDropped droppedNodes=0
2026-08-19 14:24:55.485: [INFO] BookmarksSnapshot Startup total=0 bar=0 other=0 mobile=0 showBar=0 showBarNTP=1
